<?xml version="1.0" encoding="utf-8"?><testsuites name="pytest tests"><testsuite name="pytest" errors="0" failures="0" skipped="0" tests="329" time="25.992" timestamp="2026-03-19T23:09:50.783168+03:00" hostname="user-MCLF-XX"><testcase classname="tests.api_unit.test_auth_dependencies_unit" name="test_require_auth_returns_401_for_api_request_without_cookie" time="0.066" /><testcase classname="tests.api_unit.test_auth_dependencies_unit" name="test_require_auth_redirects_html_request_to_login" time="0.024" /><testcase classname="tests.api_unit.test_auth_dependencies_unit" name="test_optional_user_resolves_user_by_auth_cookie" time="0.024" /><testcase classname="tests.api_unit.test_auth_dependencies_unit" name="test_require_auth_returns_user_when_cookie_session_is_valid" time="0.019" /><testcase classname="tests.api_unit.test_auth_dependencies_unit" name="test_public_service_providers_do_not_require_authentication" time="0.040" /><testcase classname="tests.api_unit.test_auth_router_html_unit" name="test_normalize_next_rejects_unsafe_targets[None-/]" time="0.013" /><testcase classname="tests.api_unit.test_auth_router_html_unit" name="test_normalize_next_rejects_unsafe_targets[-/]" time="0.013" /><testcase classname="tests.api_unit.test_auth_router_html_unit" name="test_normalize_next_rejects_unsafe_targets[/tasks-/tasks]" time="0.013" /><testcase classname="tests.api_unit.test_auth_router_html_unit" name="test_normalize_next_rejects_unsafe_targets[tasks-/]" time="0.013" /><testcase classname="tests.api_unit.test_auth_router_html_unit" name="test_normalize_next_rejects_unsafe_targets[//evil.example-/]" time="0.014" /><testcase classname="tests.api_unit.test_auth_router_html_unit" name="test_normalize_next_rejects_unsafe_targets[https://evil.example/path-/]" time="0.014" /><testcase classname="tests.api_unit.test_auth_router_html_unit" name="test_is_html_request_detects_browser_requests[headers0-True]" time="0.017" /><testcase classname="tests.api_unit.test_auth_router_html_unit" name="test_is_html_request_detects_browser_requests[headers1-True]" time="0.016" /><testcase classname="tests.api_unit.test_auth_router_html_unit" name="test_is_html_request_detects_browser_requests[headers2-True]" time="0.016" /><testcase classname="tests.api_unit.test_auth_router_html_unit" name="test_is_html_request_detects_browser_requests[headers3-False]" time="0.015" /><testcase classname="tests.api_unit.test_auth_router_html_unit" name="test_login_page_renders_csrf_and_normalizes_unsafe_next" time="0.053" /><testcase classname="tests.api_unit.test_auth_router_html_unit" name="test_login_page_renders_google_oauth_link_with_next" time="0.026" /><testcase classname="tests.api_unit.test_auth_router_html_unit" name="test_login_page_hides_google_oauth_when_not_configured" time="0.025" /><testcase classname="tests.api_unit.test_auth_router_html_unit" name="test_login_page_redirects_authenticated_user_to_safe_next" time="0.025" /><testcase classname="tests.api_unit.test_auth_router_html_unit" name="test_google_start_redirects_to_google_and_stores_state_in_ui_session" time="0.029" /><testcase classname="tests.api_unit.test_auth_router_html_unit" name="test_google_start_redirects_authenticated_user_to_safe_next" time="0.026" /><testcase classname="tests.api_unit.test_auth_router_html_unit" name="test_google_callback_creates_local_session_and_redirects_to_saved_next" time="0.031" /><testcase classname="tests.api_unit.test_auth_router_html_unit" name="test_google_callback_returns_html_error_and_consumes_state_on_provider_error" time="0.039" /><testcase classname="tests.api_unit.test_auth_router_html_unit" name="test_google_callback_handles_missing_oauth_configuration" time="0.037" /><testcase classname="tests.api_unit.test_auth_router_html_unit" name="test_google_callback_rejects_invalid_state_as_one_time_token" time="0.032" /><testcase classname="tests.api_unit.test_auth_router_html_unit" name="test_google_callback_rejects_expired_state" time="0.091" /><testcase classname="tests.api_unit.test_auth_router_html_unit" name="test_google_callback_rejects_state_with_invalid_issued_at" time="0.035" /><testcase classname="tests.api_unit.test_auth_router_html_unit" name="test_google_callback_rejects_missing_code" time="0.031" /><testcase classname="tests.api_unit.test_auth_router_html_unit" name="test_google_callback_rejects_unverified_email" time="0.033" /><testcase classname="tests.api_unit.test_auth_router_html_unit" name="test_google_callback_handles_provider_unavailable" time="0.034" /><testcase classname="tests.api_unit.test_auth_router_html_unit" name="test_register_page_redirects_authenticated_user" time="0.026" /><testcase classname="tests.api_unit.test_auth_router_html_unit" name="test_register_page_renders_google_oauth_link_with_next" time="0.032" /><testcase classname="tests.api_unit.test_auth_router_html_unit" name="test_register_page_hides_google_oauth_when_not_configured" time="0.027" /><testcase classname="tests.api_unit.test_auth_router_html_unit" name="test_login_form_rejects_missing_csrf_token" time="0.029" /><testcase classname="tests.api_unit.test_auth_router_html_unit" name="test_login_form_rejects_invalid_csrf_token" time="0.034" /><testcase classname="tests.api_unit.test_auth_router_html_unit" name="test_register_form_rejects_invalid_csrf_token_with_html_error" time="0.034" /><testcase classname="tests.api_unit.test_auth_router_html_unit" name="test_login_form_redirects_after_success" time="0.038" /><testcase classname="tests.api_unit.test_auth_router_html_unit" name="test_login_json_returns_user_and_sets_cookie" time="0.031" /><testcase classname="tests.api_unit.test_auth_router_html_unit" name="test_login_json_returns_409_for_authenticated_user_without_auth_attempt" time="0.029" /><testcase classname="tests.api_unit.test_auth_router_html_unit" name="test_json_auth_endpoints_do_not_render_html_templates[/auth/login-payload0-&lt;lambda&gt;]" time="0.030" /><testcase classname="tests.api_unit.test_auth_router_html_unit" name="test_json_auth_endpoints_do_not_render_html_templates[/auth/register-payload1-&lt;lambda&gt;]" time="0.034" /><testcase classname="tests.api_unit.test_auth_router_html_unit" name="test_login_json_rejects_invalid_credentials" time="0.031" /><testcase classname="tests.api_unit.test_auth_router_html_unit" name="test_login_json_rejects_invalid_payload_with_422" time="0.030" /><testcase classname="tests.api_unit.test_auth_router_html_unit" name="test_login_json_rejects_malformed_json_body" time="0.027" /><testcase classname="tests.api_unit.test_auth_router_html_unit" name="test_login_rejects_unsupported_media_type_with_415" time="0.028" /><testcase classname="tests.api_unit.test_auth_router_html_unit" name="test_login_form_returns_generic_error_on_invalid_credentials" time="0.031" /><testcase classname="tests.api_unit.test_auth_router_html_unit" name="test_login_form_returns_validation_error_for_invalid_payload" time="0.032" /><testcase classname="tests.api_unit.test_auth_router_html_unit" name="test_register_form_returns_validation_error_and_preserves_email" time="0.030" /><testcase classname="tests.api_unit.test_auth_router_html_unit" name="test_register_form_redirects_after_success" time="0.034" /><testcase classname="tests.api_unit.test_auth_router_html_unit" name="test_register_form_returns_conflict_error_when_email_exists" time="0.032" /><testcase classname="tests.api_unit.test_auth_router_html_unit" name="test_register_json_returns_user_and_sets_cookie" time="0.030" /><testcase classname="tests.api_unit.test_auth_router_html_unit" name="test_register_json_returns_409_for_authenticated_user_without_register_attempt" time="0.029" /><testcase classname="tests.api_unit.test_auth_router_html_unit" name="test_register_json_rejects_invalid_payload_with_422" time="0.029" /><testcase classname="tests.api_unit.test_auth_router_html_unit" name="test_register_json_returns_conflict_when_email_exists" time="0.028" /><testcase classname="tests.api_unit.test_auth_router_html_unit" name="test_register_json_rejects_malformed_json_body" time="0.027" /><testcase classname="tests.api_unit.test_auth_router_html_unit" name="test_register_json_rejects_non_object_json_body" time="0.029" /><testcase classname="tests.api_unit.test_auth_router_html_unit" name="test_register_rejects_unsupported_media_type_with_415" time="0.027" /><testcase classname="tests.api_unit.test_auth_router_html_unit" name="test_logout_form_clears_cookie_and_redirects_home" time="0.033" /><testcase classname="tests.api_unit.test_auth_router_html_unit" name="test_logout_form_normalizes_unsafe_next_target" time="0.032" /><testcase classname="tests.api_unit.test_auth_router_html_unit" name="test_logout_form_rejects_invalid_csrf_token_with_html_error" time="0.031" /><testcase classname="tests.api_unit.test_auth_router_html_unit" name="test_logout_json_logs_out_and_clears_cookie" time="0.028" /><testcase classname="tests.api_unit.test_auth_router_html_unit" name="test_logout_json_without_user_or_session_skips_service_call" time="0.027" /><testcase classname="tests.api_unit.test_auth_router_html_unit" name="test_logout_rejects_unsupported_media_type_with_415" time="0.027" /><testcase classname="tests.api_unit.test_habits_router_unit" name="test_habit_pages_return_html[/habits/]" time="0.039" /><testcase classname="tests.api_unit.test_habits_router_unit" name="test_habit_pages_return_html[/habits/new]" time="0.039" /><testcase classname="tests.api_unit.test_habits_router_unit" name="test_habits_list_rejects_invalid_query_params[/habits/?schedule_type=invalid]" time="0.015" /><testcase classname="tests.api_unit.test_habits_router_unit" name="test_habits_list_rejects_invalid_query_params[/habits/?status=all]" time="0.016" /><testcase classname="tests.api_unit.test_habits_router_unit" name="test_habits_list_rejects_invalid_query_params[/habits/?per_page=0]" time="0.016" /><testcase classname="tests.api_unit.test_habits_router_unit" name="test_create_habit_returns_303_redirect_on_success" time="0.021" /><testcase classname="tests.api_unit.test_habits_router_unit" name="test_create_habit_rejects_missing_csrf_token_for_form" time="0.019" /><testcase classname="tests.api_unit.test_habits_router_unit" name="test_create_habit_rejects_missing_csrf_token_for_json" time="0.016" /><testcase classname="tests.api_unit.test_habits_router_unit" name="test_create_habit_accepts_valid_csrf_token" time="0.019" /><testcase classname="tests.api_unit.test_habits_router_unit" name="test_get_habit_page_returns_404_when_missing" time="0.020" /><testcase classname="tests.api_unit.test_habits_router_unit" name="test_get_habit_page_rejects_invalid_uuid_with_422" time="0.016" /><testcase classname="tests.api_unit.test_habits_router_unit" name="test_update_habit_returns_success_payload" time="0.017" /><testcase classname="tests.api_unit.test_habits_router_unit" name="test_update_habit_returns_expected_domain_error[service_kwargs0-400-bad_request]" time="0.016" /><testcase classname="tests.api_unit.test_habits_router_unit" name="test_update_habit_returns_expected_domain_error[service_kwargs1-404-not_found]" time="0.017" /><testcase classname="tests.api_unit.test_habits_router_unit" name="test_update_habit_rejects_invalid_uuid_with_422" time="0.015" /><testcase classname="tests.api_unit.test_habits_router_unit" name="test_habit_toggle_returns_payload_when_ok[complete-True]" time="0.017" /><testcase classname="tests.api_unit.test_habits_router_unit" name="test_habit_toggle_returns_payload_when_ok[incomplete-False]" time="0.016" /><testcase classname="tests.api_unit.test_habits_router_unit" name="test_habit_toggle_returns_404_when_missing[complete]" time="0.017" /><testcase classname="tests.api_unit.test_habits_router_unit" name="test_habit_toggle_returns_404_when_missing[incomplete]" time="0.018" /><testcase classname="tests.api_unit.test_habits_router_unit" name="test_complete_habit_rejects_missing_csrf_token" time="0.016" /><testcase classname="tests.api_unit.test_habits_router_unit" name="test_habit_toggle_rejects_invalid_uuid_with_422[complete]" time="0.017" /><testcase classname="tests.api_unit.test_habits_router_unit" name="test_habit_toggle_rejects_invalid_uuid_with_422[incomplete]" time="0.021" /><testcase classname="tests.api_unit.test_habits_router_unit" name="test_habit_toggle_returns_expected_error[complete-service_kwargs0-400-\u041d\u0435\u043a\u043e\u0440\u0440\u0435\u043a\u0442\u043d\u044b\u0439 \u0437\u0430\u043f\u0440\u043e\u0441.]" time="0.018" /><testcase classname="tests.api_unit.test_habits_router_unit" name="test_habit_toggle_returns_expected_error[complete-service_kwargs1-500-\u0427\u0442\u043e-\u0442\u043e \u043f\u043e\u0448\u043b\u043e \u043d\u0435 \u0442\u0430\u043a. \u041f\u043e\u043f\u0440\u043e\u0431\u0443\u0439\u0442\u0435 \u0435\u0449\u0451 \u0440\u0430\u0437 \u043f\u043e\u0437\u0436\u0435.]" time="0.018" /><testcase classname="tests.api_unit.test_habits_router_unit" name="test_habit_toggle_returns_expected_error[incomplete-service_kwargs2-400-\u041d\u0435\u043a\u043e\u0440\u0440\u0435\u043a\u0442\u043d\u044b\u0439 \u0437\u0430\u043f\u0440\u043e\u0441.]" time="0.018" /><testcase classname="tests.api_unit.test_habits_router_unit" name="test_habit_toggle_returns_expected_error[incomplete-service_kwargs3-500-\u0427\u0442\u043e-\u0442\u043e \u043f\u043e\u0448\u043b\u043e \u043d\u0435 \u0442\u0430\u043a. \u041f\u043e\u043f\u0440\u043e\u0431\u0443\u0439\u0442\u0435 \u0435\u0449\u0451 \u0440\u0430\u0437 \u043f\u043e\u0437\u0436\u0435.]" time="0.017" /><testcase classname="tests.api_unit.test_habits_router_unit" name="test_delete_habit_returns_204_when_success" time="0.019" /><testcase classname="tests.api_unit.test_habits_router_unit" name="test_delete_habit_rejects_invalid_uuid_with_422" time="0.018" /><testcase classname="tests.api_unit.test_stats_router_unit" name="test_get_stats_returns_html_and_sets_current_page" time="0.068" /><testcase classname="tests.api_unit.test_stats_router_unit" name="test_get_stats_supports_30d_range" time="0.027" /><testcase classname="tests.api_unit.test_stats_router_unit" name="test_get_stats_rejects_invalid_range" time="0.021" /><testcase classname="tests.api_unit.test_tasks_router_unit" name="test_task_toggle_returns_payload_when_ok[complete-True]" time="0.020" /><testcase classname="tests.api_unit.test_tasks_router_unit" name="test_task_toggle_returns_payload_when_ok[incomplete-False]" time="0.018" /><testcase classname="tests.api_unit.test_tasks_router_unit" name="test_task_toggle_returns_404_when_missing[complete]" time="0.017" /><testcase classname="tests.api_unit.test_tasks_router_unit" name="test_task_toggle_returns_404_when_missing[incomplete]" time="0.018" /><testcase classname="tests.api_unit.test_tasks_router_unit" name="test_task_toggle_returns_500_on_unexpected_error[complete-service_kwargs0]" time="0.017" /><testcase classname="tests.api_unit.test_tasks_router_unit" name="test_task_toggle_returns_500_on_unexpected_error[incomplete-service_kwargs1]" time="0.017" /><testcase classname="tests.api_unit.test_tasks_router_unit" name="test_create_task_returns_redirect_on_success" time="0.035" /><testcase classname="tests.api_unit.test_tasks_router_unit" name="test_create_task_returns_html_error_for_failures[service_kwargs0-400-bad task]" time="0.021" /><testcase classname="tests.api_unit.test_tasks_router_unit" name="test_create_task_returns_html_error_for_failures[service_kwargs1-500-broken]" time="0.022" /><testcase classname="tests.api_unit.test_tasks_router_unit" name="test_create_task_returns_html_error_for_failures[service_kwargs2-500-\u0417\u0430\u0434\u0430\u0447\u0430 \u043d\u0435 \u0441\u043e\u0437\u0434\u0430\u043d\u0430]" time="0.020" /><testcase classname="tests.api_unit.test_tasks_router_unit" name="test_create_task_rejects_missing_csrf_token" time="0.017" /><testcase classname="tests.api_unit.test_tasks_router_unit" name="test_complete_task_rejects_missing_csrf_token" time="0.014" /><testcase classname="tests.api_unit.test_tasks_router_unit" name="test_create_task_accepts_valid_csrf_token" time="0.020" /><testcase classname="tests.api_unit.test_tasks_router_unit" name="test_update_task_returns_success_payload" time="0.019" /><testcase classname="tests.api_unit.test_tasks_router_unit" name="test_update_task_returns_expected_error_payload[service_kwargs0-400-expected_body0]" time="0.017" /><testcase classname="tests.api_unit.test_tasks_router_unit" name="test_update_task_returns_expected_error_payload[service_kwargs1-404-expected_body1]" time="0.018" /><testcase classname="tests.api_unit.test_tasks_router_unit" name="test_update_task_returns_expected_error_payload[service_kwargs2-500-expected_body2]" time="0.018" /><testcase classname="tests.api_unit.test_tasks_router_unit" name="test_update_task_returns_expected_error_payload[service_kwargs3-500-expected_body3]" time="0.018" /><testcase classname="tests.api_unit.test_tasks_router_unit" name="test_delete_task_returns_204_when_success" time="0.018" /><testcase classname="tests.api_unit.test_tasks_router_unit" name="test_delete_task_returns_500_when_runtime_error" time="0.017" /><testcase classname="tests.api_unit.test_themes_router_unit" name="test_update_theme_returns_404_when_missing" time="0.018" /><testcase classname="tests.api_unit.test_themes_router_unit" name="test_update_theme_returns_success_payload" time="0.017" /><testcase classname="tests.api_unit.test_themes_router_unit" name="test_update_theme_returns_expected_json_error[service_kwargs0-400-\u041d\u0435\u043a\u043e\u0440\u0440\u0435\u043a\u0442\u043d\u044b\u0439 \u0437\u0430\u043f\u0440\u043e\u0441.]" time="0.017" /><testcase classname="tests.api_unit.test_themes_router_unit" name="test_update_theme_returns_expected_json_error[service_kwargs1-500-\u0427\u0442\u043e-\u0442\u043e \u043f\u043e\u0448\u043b\u043e \u043d\u0435 \u0442\u0430\u043a. \u041f\u043e\u043f\u0440\u043e\u0431\u0443\u0439\u0442\u0435 \u0435\u0449\u0451 \u0440\u0430\u0437 \u043f\u043e\u0437\u0436\u0435.]" time="0.016" /><testcase classname="tests.api_unit.test_themes_router_unit" name="test_create_theme_returns_redirect_on_success" time="0.026" /><testcase classname="tests.api_unit.test_themes_router_unit" name="test_create_theme_returns_html_error_for_failures[service_kwargs0-400-duplicate]" time="0.021" /><testcase classname="tests.api_unit.test_themes_router_unit" name="test_create_theme_returns_html_error_for_failures[service_kwargs1-500-unexpected]" time="0.019" /><testcase classname="tests.api_unit.test_themes_router_unit" name="test_create_theme_returns_html_error_for_failures[service_kwargs2-500-\u0422\u0435\u043c\u0430 \u043d\u0435 \u0441\u043e\u0437\u0434\u0430\u043d\u0430]" time="0.019" /><testcase classname="tests.api_unit.test_themes_router_unit" name="test_create_theme_rejects_missing_csrf_token" time="0.016" /><testcase classname="tests.api_unit.test_themes_router_unit" name="test_create_theme_accepts_valid_csrf_token" time="0.017" /><testcase classname="tests.api_unit.test_themes_router_unit" name="test_get_theme_page_returns_404_when_missing" time="0.016" /><testcase classname="tests.api_unit.test_themes_router_unit" name="test_update_theme_rejects_missing_csrf_token" time="0.013" /><testcase classname="tests.api_unit.test_themes_router_unit" name="test_get_themes_redirects_to_expected_page[0-/themes/?page=3&amp;per_page=5-/themes/?per_page=5]" time="0.015" /><testcase classname="tests.api_unit.test_themes_router_unit" name="test_get_themes_redirects_to_expected_page[3-/themes/?page=9&amp;per_page=2-/themes/?page=2&amp;per_page=2]" time="0.015" /><testcase classname="tests.integration.test_auth" name="test_auth_full_flow_login_resolve_logout_then_unauthorized" time="2.739" /><testcase classname="tests.integration.test_habits" name="test_habits_list_status_filter_todays_active_and_completed" time="0.419" /><testcase classname="tests.integration.test_habits" name="test_habit_moves_to_archive_when_period_is_over" time="0.276" /><testcase classname="tests.integration.test_habits" name="test_completed_status_excludes_archived_habits" time="0.216" /><testcase classname="tests.integration.test_habits" name="test_todays_status_filters_habits_by_schedule_for_current_date" time="0.168" /><testcase classname="tests.integration.test_habits" name="test_delete_habit_updates_sidebar_stats_and_success_rate" time="0.398" /><testcase classname="tests.integration.test_habits" name="test_habit_owner_scope_hides_foreign_habit_and_blocks_mutations" time="0.456" /><testcase classname="tests.integration.test_habits" name="test_habit_repository_with_missing_owner_is_fail_closed" time="0.108" /><testcase classname="tests.integration.test_stats" name="test_get_stats_page_smoke" time="0.164" /><testcase classname="tests.integration.test_stats" name="test_stats_page_shows_owner_task_aggregates_only" time="0.203" /><testcase classname="tests.integration.test_stats" name="test_stats_page_switches_task_period_labels_for_30d" time="0.178" /><testcase classname="tests.integration.test_stats" name="test_stats_page_shows_owner_habit_history_only" time="0.223" /><testcase classname="tests.integration.test_stats" name="test_stats_page_sidebar_matches_home_sidebar_for_shared_metrics" time="0.307" /><testcase classname="tests.integration.test_tasks" name="test_create_task" time="0.257" /><testcase classname="tests.integration.test_tasks" name="test_create_task_error" time="0.142" /><testcase classname="tests.integration.test_tasks" name="test_mark_task_as_completed" time="0.241" /><testcase classname="tests.integration.test_tasks" name="test_mark_as_completed_task_not_found" time="0.210" /><testcase classname="tests.integration.test_tasks" name="test_mark_task_as_incompleted" time="0.269" /><testcase classname="tests.integration.test_tasks" name="test_mark_as_incompleted_task_not_found" time="0.211" /><testcase classname="tests.integration.test_tasks" name="test_delete_task" time="0.324" /><testcase classname="tests.integration.test_tasks" name="test_update_task_partial_updates_persist_changed_and_keep_unchanged_fields[update_name]" time="0.212" /><testcase classname="tests.integration.test_tasks" name="test_update_task_partial_updates_persist_changed_and_keep_unchanged_fields[update_description]" time="0.286" /><testcase classname="tests.integration.test_tasks" name="test_update_task_partial_updates_persist_changed_and_keep_unchanged_fields[update_theme_id]" time="0.208" /><testcase classname="tests.integration.test_tasks" name="test_update_task_partial_updates_persist_changed_and_keep_unchanged_fields[update_priority]" time="0.208" /><testcase classname="tests.integration.test_tasks" name="test_update_task_partial_updates_persist_changed_and_keep_unchanged_fields[update_name_description]" time="0.258" /><testcase classname="tests.integration.test_tasks" name="test_update_task_partial_updates_persist_changed_and_keep_unchanged_fields[update_name_theme_id]" time="0.219" /><testcase classname="tests.integration.test_tasks" name="test_update_task_partial_updates_persist_changed_and_keep_unchanged_fields[update_name_priority]" time="0.206" /><testcase classname="tests.integration.test_tasks" name="test_update_task_partial_updates_persist_changed_and_keep_unchanged_fields[update_description_theme_id]" time="0.203" /><testcase classname="tests.integration.test_tasks" name="test_update_task_partial_updates_persist_changed_and_keep_unchanged_fields[update_description_priority]" time="0.206" /><testcase classname="tests.integration.test_tasks" name="test_update_task_partial_updates_persist_changed_and_keep_unchanged_fields[update_theme_id_priority]" time="0.205" /><testcase classname="tests.integration.test_tasks" name="test_update_task_partial_updates_persist_changed_and_keep_unchanged_fields[update_name_description_theme_id]" time="0.250" /><testcase classname="tests.integration.test_tasks" name="test_update_task_partial_updates_persist_changed_and_keep_unchanged_fields[update_name_description_priority]" time="0.222" /><testcase classname="tests.integration.test_tasks" name="test_update_task_partial_updates_persist_changed_and_keep_unchanged_fields[update_name_theme_id_priority]" time="0.212" /><testcase classname="tests.integration.test_tasks" name="test_update_task_partial_updates_persist_changed_and_keep_unchanged_fields[update_description_theme_id_priority]" time="0.253" /><testcase classname="tests.integration.test_tasks" name="test_update_task_persists_payload" time="0.210" /><testcase classname="tests.integration.test_tasks" name="test_tasks_list_page" time="0.157" /><testcase classname="tests.integration.test_tasks" name="test_task_creation_page" time="0.154" /><testcase classname="tests.integration.test_tasks" name="test_task_update_page" time="0.156" /><testcase classname="tests.integration.test_tasks" name="test_task_update_page_returns_404_when_task_missing" time="0.141" /><testcase classname="tests.integration.test_tasks" name="test_tasks_list_status_filter_active_and_completed" time="0.332" /><testcase classname="tests.integration.test_tasks" name="test_tasks_list_sort_by_name_and_order" time="0.237" /><testcase classname="tests.integration.test_tasks" name="test_tasks_list_pagination" time="0.195" /><testcase classname="tests.integration.test_tasks" name="test_tasks_list_theme_filter_is_persisted_in_session" time="0.264" /><testcase classname="tests.integration.test_tasks" name="test_task_owner_scope_hides_foreign_task_and_blocks_mutations" time="0.531" /><testcase classname="tests.integration.test_tasks" name="test_task_repository_with_missing_owner_is_fail_closed" time="0.110" /><testcase classname="tests.integration.test_themes" name="test_create_theme" time="0.245" /><testcase classname="tests.integration.test_themes" name="test_create_theme_twice_with_same_name_error" time="0.256" /><testcase classname="tests.integration.test_themes" name="test_theme_repository_enforces_unique_name_per_owner" time="0.094" /><testcase classname="tests.integration.test_themes" name="test_different_owners_can_create_themes_with_same_name" time="0.123" /><testcase classname="tests.integration.test_themes" name="test_create_theme_without_name_error" time="0.209" /><testcase classname="tests.integration.test_themes" name="test_update_theme" time="0.395" /><testcase classname="tests.integration.test_themes" name="test_get_themes_list_page" time="0.248" /><testcase classname="tests.integration.test_themes" name="test_delete_theme" time="0.451" /><testcase classname="tests.integration.test_themes" name="test_get_update_theme_page" time="0.289" /><testcase classname="tests.integration.test_themes" name="test_themes_page_redirects_to_first_page_when_empty" time="0.155" /><testcase classname="tests.integration.test_themes" name="test_themes_page_redirects_to_last_page_when_page_is_too_high" time="0.392" /><testcase classname="tests.integration.test_themes" name="test_theme_owner_scope_hides_foreign_theme_and_blocks_mutations" time="0.486" /><testcase classname="tests.integration.test_themes" name="test_theme_repository_with_missing_owner_is_fail_closed" time="0.104" /><testcase classname="tests.unit.test_auth_schema" name="test_auth_register_normalizes_email" time="0.012" /><testcase classname="tests.unit.test_auth_schema" name="test_auth_register_rejects_invalid_email" time="0.013" /><testcase classname="tests.unit.test_auth_schema" name="test_auth_register_rejects_short_password" time="0.013" /><testcase classname="tests.unit.test_auth_service" name="test_hash_password_and_verify_password_success" time="0.104" /><testcase classname="tests.unit.test_auth_service" name="test_verify_password_returns_false_for_wrong_password" time="0.106" /><testcase classname="tests.unit.test_auth_service" name="test_verify_password_returns_false_for_malformed_hash" time="0.012" /><testcase classname="tests.unit.test_auth_service" name="test_verify_password_returns_false_for_invalid_hash_error" time="0.012" /><testcase classname="tests.unit.test_auth_service" name="test_start_google_oauth_login_builds_authorize_url_and_session_payload" time="0.011" /><testcase classname="tests.unit.test_auth_service" name="test_start_google_oauth_login_requires_configuration" time="0.011" /><testcase classname="tests.unit.test_auth_service" name="test_complete_google_oauth_login_creates_local_session" time="0.012" /><testcase classname="tests.unit.test_auth_service" name="test_complete_google_oauth_login_rejects_invalid_state" time="0.013" /><testcase classname="tests.unit.test_auth_service" name="test_complete_google_oauth_login_rejects_expired_state" time="0.013" /><testcase classname="tests.unit.test_auth_service" name="test_complete_google_oauth_login_rejects_provider_error" time="0.013" /><testcase classname="tests.unit.test_auth_service" name="test_complete_google_oauth_login_requires_code" time="0.013" /><testcase classname="tests.unit.test_auth_service" name="test_complete_google_oauth_login_converts_provider_failures" time="0.013" /><testcase classname="tests.unit.test_auth_service" name="test_complete_google_oauth_login_rejects_unverified_email" time="0.013" /><testcase classname="tests.unit.test_auth_service" name="test_complete_google_oauth_login_propagates_domain_errors" time="0.012" /><testcase classname="tests.unit.test_auth_service" name="test_oauth_service_uses_default_session_ttl_from_settings" time="0.013" /><testcase classname="tests.unit.test_auth_service" name="test_oauth_service_rejects_zero_session_ttl" time="0.013" /><testcase classname="tests.unit.test_auth_service" name="test_register_creates_user_with_hashed_password" time="0.109" /><testcase classname="tests.unit.test_auth_service" name="test_register_rejects_duplicate_email" time="0.013" /><testcase classname="tests.unit.test_auth_service" name="test_register_converts_integrity_error_to_duplicate_message" time="0.058" /><testcase classname="tests.unit.test_auth_service" name="test_authenticate_returns_none_for_missing_or_invalid_user" time="0.156" /><testcase classname="tests.unit.test_auth_service" name="test_set_password_hashes_valid_password_and_calls_repo" time="0.109" /><testcase classname="tests.unit.test_auth_service" name="test_registration_service_uses_default_session_ttl_from_settings" time="0.013" /><testcase classname="tests.unit.test_auth_service" name="test_set_password_rejects_password_that_breaks_policy" time="0.012" /><testcase classname="tests.unit.test_auth_service" name="test_authenticate_returns_user_for_valid_credentials" time="0.112" /><testcase classname="tests.unit.test_auth_service" name="test_get_or_create_oauth_user_returns_existing_linked_user" time="0.013" /><testcase classname="tests.unit.test_auth_service" name="test_get_or_create_oauth_user_rejects_existing_email_for_unlinked_oauth" time="0.013" /><testcase classname="tests.unit.test_auth_service" name="test_get_or_create_oauth_user_creates_new_user_when_missing" time="0.013" /><testcase classname="tests.unit.test_auth_service" name="test_get_or_create_oauth_user_recovers_from_integrity_race" time="0.013" /><testcase classname="tests.unit.test_auth_service" name="test_get_or_create_oauth_user_rejects_integrity_race_for_another_user" time="0.012" /><testcase classname="tests.unit.test_auth_service" name="test_get_or_create_oauth_user_converts_email_integrity_race_to_domain_error" time="0.012" /><testcase classname="tests.unit.test_auth_service" name="test_link_oauth_account_for_user_creates_new_link" time="0.012" /><testcase classname="tests.unit.test_auth_service" name="test_link_oauth_account_for_user_returns_existing_link_for_same_user" time="0.012" /><testcase classname="tests.unit.test_auth_service" name="test_link_oauth_account_for_user_rejects_identity_linked_to_other_user" time="0.011" /><testcase classname="tests.unit.test_auth_service" name="test_link_oauth_account_for_user_rejects_second_account_for_provider" time="0.012" /><testcase classname="tests.unit.test_auth_service" name="test_link_oauth_account_for_user_recovers_from_integrity_race" time="0.012" /><testcase classname="tests.unit.test_auth_service" name="test_link_oauth_account_for_user_rejects_integrity_race_for_other_user" time="0.012" /><testcase classname="tests.unit.test_auth_service" name="test_login_create_session_creates_payload_and_returns_session_id" time="0.011" /><testcase classname="tests.unit.test_auth_service" name="test_login_service_uses_default_session_ttl_from_settings" time="0.011" /><testcase classname="tests.unit.test_auth_service" name="test_login_service_rejects_zero_session_ttl" time="0.011" /><testcase classname="tests.unit.test_auth_service" name="test_logout_deletes_single_session" time="0.011" /><testcase classname="tests.unit.test_auth_service" name="test_logout_does_not_delete_other_users_session" time="0.011" /><testcase classname="tests.unit.test_auth_service" name="test_logout_all_deletes_all_user_sessions" time="0.012" /><testcase classname="tests.unit.test_auth_service" name="test_resolve_user_returns_user_for_valid_session" time="0.013" /><testcase classname="tests.unit.test_auth_service" name="test_resolve_user_returns_none_for_missing_session" time="0.012" /><testcase classname="tests.unit.test_auth_service" name="test_resolve_user_returns_none_and_revokes_expired_session" time="0.012" /><testcase classname="tests.unit.test_auth_service" name="test_resolve_user_returns_none_and_revokes_revoked_session" time="0.012" /><testcase classname="tests.unit.test_google_oauth" name="test_exchange_code_for_token_uses_async_http_client" time="0.012" /><testcase classname="tests.unit.test_google_oauth" name="test_get_user_info_uses_authorization_header" time="0.012" /><testcase classname="tests.unit.test_google_oauth" name="test_get_user_info_rejects_non_boolean_email_verified" time="0.015" /><testcase classname="tests.unit.test_google_oauth" name="test_exchange_code_for_token_converts_http_error" time="0.015" /><testcase classname="tests.unit.test_google_oauth" name="test_exchange_code_for_token_rejects_invalid_json" time="0.014" /><testcase classname="tests.unit.test_habit_service" name="test_create_habit_validates_theme_exists_when_theme_id_set" time="0.013" /><testcase classname="tests.unit.test_habit_service" name="test_update_habit_raises_when_habit_missing" time="0.012" /><testcase classname="tests.unit.test_habit_service" name="test_update_habit_uses_existing_schedule_when_only_config_is_updated" time="0.013" /><testcase classname="tests.unit.test_habit_service" name="test_list_habits_returns_empty_when_theme_not_found" time="0.012" /><testcase classname="tests.unit.test_habit_service" name="test_list_habits_passes_filters_to_repo" time="0.012" /><testcase classname="tests.unit.test_habit_service" name="test_list_habits_populates_theme_name_and_color" time="0.012" /><testcase classname="tests.unit.test_habit_service" name="test_complete_habit_rejects_future_date" time="0.013" /><testcase classname="tests.unit.test_habit_service" name="test_complete_habit_is_idempotent_for_same_date" time="0.012" /><testcase classname="tests.unit.test_habit_service" name="test_incomplete_habit_returns_changed_false_when_date_missing" time="0.012" /><testcase classname="tests.unit.test_habit_service" name="test_create_habit_archives_when_interval_has_ended" time="0.013" /><testcase classname="tests.unit.test_habit_service" name="test_complete_habit_rejects_archived_habit" time="0.013" /><testcase classname="tests.unit.test_habit_service" name="test_list_habits_marks_completed_today" time="0.012" /><testcase classname="tests.unit.test_habit_service" name="test_list_habits_marks_due_today_false_for_not_scheduled_habit" time="0.012" /><testcase classname="tests.unit.test_habit_service" name="test_list_habits_due_today_only_respects_start_and_end_dates" time="0.012" /><testcase classname="tests.unit.test_habit_service" name="test_list_habits_due_today_only_filters_weekly_monthly_yearly" time="0.012" /><testcase classname="tests.unit.test_habit_service" name="test_list_habits_due_today_only_uses_completion_history_for_interval_cycle" time="0.013" /><testcase classname="tests.unit.test_habit_service" name="test_list_habits_calculates_progress_for_interval_cycle" time="0.012" /><testcase classname="tests.unit.test_habit_service" name="test_complete_habit_returns_interval_cycle_streak" time="0.012" /><testcase classname="tests.unit.test_habit_service" name="test_complete_habit_rejects_non_scheduled_date" time="0.012" /><testcase classname="tests.unit.test_habit_service" name="test_get_habit_statistics_returns_total_and_success_rate" time="0.012" /><testcase classname="tests.unit.test_habit_service" name="test_get_habit_statistics_uses_due_today_denominator" time="0.013" /><testcase classname="tests.unit.test_habit_service" name="test_get_habit_page_statistics_counts_period_success_by_due_occurrences" time="0.012" /><testcase classname="tests.unit.test_habit_service" name="test_get_habit_page_statistics_keeps_habits_archived_today_in_historical_widgets" time="0.012" /><testcase classname="tests.unit.test_habit_service" name="test_get_habit_page_statistics_counts_interval_cycle_due_occurrences" time="0.012" /><testcase classname="tests.unit.test_habit_service" name="test_get_habit_page_statistics_excludes_archived_habits_from_active_widgets" time="0.012" /><testcase classname="tests.unit.test_habit_service" name="test_get_habit_page_statistics_sorts_top_streaks_stably" time="0.013" /><testcase classname="tests.unit.test_habit_service" name="test_get_habit_page_statistics_fills_zero_value_days_in_trend" time="0.013" /><testcase classname="tests.unit.test_habit_service" name="test_get_habit_page_statistics_uses_explicit_reference_time" time="0.013" /><testcase classname="tests.unit.test_habits_router_helpers" name="test_build_schedule_config_for_daily" time="0.011" /><testcase classname="tests.unit.test_habits_router_helpers" name="test_build_schedule_config_for_weekly_days" time="0.011" /><testcase classname="tests.unit.test_habits_router_helpers" name="test_build_schedule_config_for_monthly_day" time="0.011" /><testcase classname="tests.unit.test_habits_router_helpers" name="test_build_schedule_config_for_yearly_date" time="0.011" /><testcase classname="tests.unit.test_habits_router_helpers" name="test_build_schedule_config_for_interval_cycle" time="0.011" /><testcase classname="tests.unit.test_habits_router_helpers" name="test_build_schedule_config_for_unknown_type_returns_empty" time="0.011" /><testcase classname="tests.unit.test_habits_router_helpers" name="test_as_positive_int_or_raise_rejects_non_integer" time="0.011" /><testcase classname="tests.unit.test_habits_router_helpers" name="test_as_positive_int_or_raise_rejects_zero" time="0.011" /><testcase classname="tests.unit.test_schema_validators" name="test_task_create_api_maps_special_no_theme_uuid_to_none" time="0.011" /><testcase classname="tests.unit.test_schema_validators" name="test_theme_create_rejects_invalid_hex_color" time="0.011" /><testcase classname="tests.unit.test_session_store" name="test_create_session_stores_payload_with_contract_keys" time="0.011" /><testcase classname="tests.unit.test_session_store" name="test_create_session_uses_default_ttl_when_not_provided" time="0.012" /><testcase classname="tests.unit.test_session_store" name="test_create_session_rejects_non_positive_ttl[0]" time="0.013" /><testcase classname="tests.unit.test_session_store" name="test_create_session_rejects_non_positive_ttl[-1]" time="0.012" /><testcase classname="tests.unit.test_session_store" name="test_init_rejects_non_positive_ttl[0]" time="0.011" /><testcase classname="tests.unit.test_session_store" name="test_init_rejects_non_positive_ttl[-1]" time="0.011" /><testcase classname="tests.unit.test_session_store" name="test_init_rejects_non_positive_ttl_from_settings" time="0.011" /><testcase classname="tests.unit.test_session_store" name="test_get_session_returns_payload_for_existing_session" time="0.011" /><testcase classname="tests.unit.test_session_store" name="test_get_session_returns_none_for_missing_or_invalid_payload" time="0.011" /><testcase classname="tests.unit.test_session_store" name="test_delete_session_removes_session_and_user_index_reference" time="0.011" /><testcase classname="tests.unit.test_session_store" name="test_delete_user_sessions_removes_all_user_sessions_and_index_key" time="0.011" /><testcase classname="tests.unit.test_statistics_service" name="test_statistics_service_aggregates_sections_and_builds_insights" time="0.011" /><testcase classname="tests.unit.test_statistics_service" name="test_statistics_service_handles_empty_state_without_failing" time="0.011" /><testcase classname="tests.unit.test_statistics_service" name="test_statistics_service_skips_blank_or_duplicate_insights" time="0.011" /><testcase classname="tests.unit.test_task_service" name="test_map_priority_accepts_str_and_uuid" time="0.011" /><testcase classname="tests.unit.test_task_service" name="test_map_priority_rejects_invalid_str" time="0.011" /><testcase classname="tests.unit.test_task_service" name="test_map_priority_rejects_invalid_uuid" time="0.011" /><testcase classname="tests.unit.test_task_service" name="test_map_priority_rejects_invalid_type" time="0.011" /><testcase classname="tests.unit.test_task_service" name="test_create_task_validates_theme_exists_when_theme_id_set" time="0.011" /><testcase classname="tests.unit.test_task_service" name="test_update_task_raises_when_task_missing" time="0.011" /><testcase classname="tests.unit.test_task_service" name="test_update_task_returns_old_when_no_fields_set" time="0.011" /><testcase classname="tests.unit.test_task_service" name="test_update_task_validates_theme_and_maps_priority" time="0.011" /><testcase classname="tests.unit.test_task_service" name="test_complete_task_raises_when_missing" time="0.011" /><testcase classname="tests.unit.test_task_service" name="test_complete_task_sets_completed_at" time="0.011" /><testcase classname="tests.unit.test_task_service" name="test_incomplete_task_raises_when_missing" time="0.012" /><testcase classname="tests.unit.test_task_service" name="test_incomplete_task_clears_completed_at" time="0.013" /><testcase classname="tests.unit.test_task_service" name="test_list_tasks_returns_empty_when_theme_not_found" time="0.012" /><testcase classname="tests.unit.test_task_service" name="test_list_tasks_passes_filters_to_repo" time="0.011" /><testcase classname="tests.unit.test_task_service" name="test_get_task_statistics_counts_and_groups" time="0.012" /><testcase classname="tests.unit.test_task_service" name="test_get_task_page_statistics_returns_zero_completion_rate_for_empty_list" time="0.011" /><testcase classname="tests.unit.test_task_service" name="test_get_task_page_statistics_counts_completed_tasks_only_for_average_time" time="0.011" /><testcase classname="tests.unit.test_task_service" name="test_get_task_page_statistics_uses_theme_names_and_falls_back_to_no_theme" time="0.012" /><testcase classname="tests.unit.test_task_service" name="test_get_task_page_statistics_slices_created_and_completed_counters_by_range" time="0.012" /><testcase classname="tests.unit.test_task_service" name="test_get_task_page_statistics_excludes_future_completions_from_all_completion_stats" time="0.012" /><testcase classname="tests.unit.test_theme_service" name="test_create_theme_rejects_duplicate_name" time="0.013" /><testcase classname="tests.unit.test_theme_service" name="test_create_theme_rejects_all_themes_title" time="0.012" /><testcase classname="tests.unit.test_theme_service" name="test_create_theme_validates_color_uniqueness_when_provided" time="0.013" /><testcase classname="tests.unit.test_theme_service" name="test_generate_color_falls_back_to_random_on_collision" time="0.013" /><testcase classname="tests.unit.test_theme_service" name="test_update_theme_returns_old_when_no_changes" time="0.013" /><testcase classname="tests.unit.test_theme_service" name="test_update_theme_rejects_name_conflict" time="0.013" /><testcase classname="tests.unit.test_theme_service" name="test_update_theme_rejects_all_themes_name" time="0.012" /><testcase classname="tests.unit.test_theme_service" name="test_update_theme_rejects_color_conflict" time="0.012" /><testcase classname="tests.unit.test_theme_service" name="test_update_theme_generates_color_when_random_requested" time="0.012" /><testcase classname="tests.unit.test_theme_service" name="test_generate_color_raises_after_too_many_collisions" time="0.012" /><testcase classname="tests.unit.test_theme_service" name="test_delete_theme_deletes_when_theme_exists" time="0.011" /><testcase classname="tests.unit.test_theme_service" name="test_list_themes_with_counts_returns_items_and_total" time="0.012" /><testcase classname="tests.unit.test_utils" name="test_get_stats_maps_task_and_habit_stats" time="0.011" /><testcase classname="tests.unit.test_utils" name="test_get_stats_from_page_data_maps_sidebar_fields" time="0.011" /><testcase classname="tests.unit.test_utils" name="test_get_template_context_selects_theme_from_query_and_marks_active" time="0.011" /><testcase classname="tests.unit.test_utils" name="test_get_template_context_resets_selection_for_all_themes_query" time="0.011" /><testcase classname="tests.unit.test_utils" name="test_get_template_context_clears_stale_theme_from_session" time="0.296" /></testsuite></testsuites>
